// Jest Snapshot v1, https://goo.gl/fbAQLP

exports[`標準ツリー CompTreeView.buildChildren() ベーシックケース 1`] = `
<div
  class="container"
>
  <div
    class="main"
  >
    <div
      class="item-container layout horizontal center eldest"
    >
      <div
        class="icon-container"
      >
        <q-icon
          class="toggle-icon rotate-90"
          color="grey-6"
          name="arrow_right"
          size="26px"
        />
      </div>
       
      <!---->
      <span
        class="item"
      >
        Node 1
      </span>
    </div>
     
    <div
      class="children-container opened"
    >
      <div
        class="main"
      >
        <div
          class="item-container layout horizontal center"
        >
          <div
            class="icon-container"
          >
            <q-icon
              class="toggle-icon rotate-90"
              color="grey-6"
              name="arrow_right"
              size="26px"
            />
          </div>
           
          <!---->
          <span
            class="item"
          >
            Node 1-1
          </span>
        </div>
         
        <div
          class="children-container opened"
        >
          <div
            class="main"
          >
            <div
              class="item-container layout horizontal center"
            >
              <!---->
               
              <div
                class="icon-container"
              >
                <q-icon
                  color=""
                  name="inbox"
                  size="24px"
                />
              </div>
              <span
                class="item"
              >
                Node 1-1-1
              </span>
            </div>
             
            <div
              class="children-container"
            />
          </div>
          <div
            class="main"
          >
            <div
              class="item-container layout horizontal center"
            >
              <!---->
               
              <div
                class="icon-container"
              >
                <svg
                  class="dot"
                  height="6px"
                  width="6px"
                  xmlns="http://www.w3.org/2000/svg"
                  xmlns:xlink="http://www.w3.org/1999/xlink"
                >
                  <circle
                    cx="3"
                    cy="3"
                    fill="#9b9b9b"
                    r="3"
                    stroke="blue"
                    stroke-width="0"
                  />
                </svg>
              </div>
              <span
                class="item unselectable"
              >
                Node 1-1-2
              </span>
            </div>
             
            <div
              class="children-container"
            />
          </div>
        </div>
      </div>
    </div>
  </div>
  <div
    class="main"
  >
    <div
      class="item-container layout horizontal center"
    >
      <!---->
       
      <div
        class="icon-container"
      >
        <svg
          class="dot"
          height="6px"
          width="6px"
          xmlns="http://www.w3.org/2000/svg"
          xmlns:xlink="http://www.w3.org/1999/xlink"
        >
          <circle
            cx="3"
            cy="3"
            fill="#9b9b9b"
            r="3"
            stroke="blue"
            stroke-width="0"
          />
        </svg>
      </div>
      <span
        class="item"
      >
        Node 2
      </span>
    </div>
     
    <div
      class="children-container"
    />
  </div>
</div>
`;
